Configuration on demand is an incubating feature.
Calculating task graph as configuration cache cannot be reused because file 'build.gradle.kts' has changed.
> Task :buildSrc:checkKotlinGradlePluginConfigurationErrors SKIPPED
> Task :buildSrc:compileKotlin UP-TO-DATE
> Task :buildSrc:compileJava NO-SOURCE
> Task :buildSrc:compileGroovy NO-SOURCE
> Task :buildSrc:pluginDescriptors UP-TO-DATE
> Task :buildSrc:processResources NO-SOURCE
> Task :buildSrc:classes UP-TO-DATE
> Task :buildSrc:jar UP-TO-DATE
WARNING: We recommend using a newer Android Gradle plugin to use compileSdk = 36

This Android Gradle plugin (8.7.3) was tested up to compileSdk = 35.

You are strongly encouraged to update your project to use a newer
Android Gradle plugin that has been tested with compileSdk = 36.

If you are already using the latest version of the Android Gradle plugin,
you may need to wait until a newer version with support for compileSdk = 36 is available.

For more information refer to the compatibility table:
https://d.android.com/r/tools/api-level-support

To suppress this warning, add/update
    android.suppressUnsupportedCompileSdk=36
to this project's gradle.properties.
> Task :app:preBuild UP-TO-DATE
> Task :app:preDevDebugBuild UP-TO-DATE
> Task :app:checkKotlinGradlePluginConfigurationErrors
> Task :app:dataBindingTriggerDevDebug UP-TO-DATE
> Task :app:generateDevDebugBuildConfig UP-TO-DATE
> Task :app:generateDevDebugResValues UP-TO-DATE
> Task :app:createDevDebugCompatibleScreenManifests UP-TO-DATE
> Task :app:extractDeepLinksDevDebug UP-TO-DATE
> Task :app:generateDevDebugResources UP-TO-DATE
> Task :app:dataBindingMergeDependencyArtifactsDevDebug UP-TO-DATE
> Task :app:packageDevDebugResources UP-TO-DATE
> Task :app:parseDevDebugLocalResources UP-TO-DATE
> Task :app:checkDevDebugAarMetadata UP-TO-DATE

> Task :app:compileDevDebugAidl UP-TO-DATE
WARNING: We recommend using a newer Android Gradle plugin to use compileSdk = 36

This Android Gradle plugin (8.7.3) was tested up to compileSdk = 35.

You are strongly encouraged to update your project to use a newer
Android Gradle plugin that has been tested with compileSdk = 36.

If you are already using the latest version of the Android Gradle plugin,
you may need to wait until a newer version with support for compileSdk = 36 is available.

For more information refer to the compatibility table:
https://d.android.com/r/tools/api-level-support

To suppress this warning, add/update
    android.suppressUnsupportedCompileSdk=36
to this project's gradle.properties.

> Task :app:mergeDevDebugResources UP-TO-DATE
> Task :app:mapDevDebugSourceSetPaths UP-TO-DATE
> Task :app:processDevDebugMainManifest UP-TO-DATE
> Task :app:processDevDebugManifest UP-TO-DATE
> Task :app:processDevDebugManifestForPackage UP-TO-DATE
> Task :app:processDevDebugResources UP-TO-DATE
> Task :app:dataBindingGenBaseClassesDevDebug UP-TO-DATE
> Task :app:kaptGenerateStubsDevDebugKotlin UP-TO-DATE
> Task :app:kaptDevDebugKotlin UP-TO-DATE

> Task :app:compileDevDebugKotlin FAILED
e: file:///Users/loitran/.gradle/caches/8.11.1/transforms/e817a5d3e34f36dc42b619046e303901/transformed/play-services-ads-24.5.0-api.jar!/META-INF/java.com.google.android.gms.libs.filecompliance.proto_file_access_api_type_kt_proto_lite.kotlin_moduleModule was compiled with an incompatible version of Kotlin. The binary version of its metadata is 2.1.0, expected version is 1.9.0.
e: file:///Users/loitran/.gradle/caches/8.11.1/transforms/e817a5d3e34f36dc42b619046e303901/transformed/play-services-ads-24.5.0-api.jar!/META-INF/logs.proto.chrome_search_chrome_search_extensions_kt_proto_lite.kotlin_moduleModule was compiled with an incompatible version of Kotlin. The binary version of its metadata is 2.1.0, expected version is 1.9.0.
e: file:///Users/loitran/.gradle/caches/8.11.1/transforms/e817a5d3e34f36dc42b619046e303901/transformed/play-services-ads-24.5.0-api.jar!/META-INF/third_party.kotlin.protobuf.src.commonMain.kotlin.com.google.protobuf.kotlin_only_for_use_in_proto_generated_code_its_generator_and_tests.kotlin_moduleModule was compiled with an incompatible version of Kotlin. The binary version of its metadata is 2.1.0, expected version is 1.9.0.
e: file:///Users/loitran/.gradle/caches/8.11.1/transforms/e817a5d3e34f36dc42b619046e303901/transformed/play-services-ads-24.5.0-api.jar!/META-INF/third_party.kotlin.protobuf.src.commonMain.kotlin.com.google.protobuf.kotlin_shared_runtime.kotlin_moduleModule was compiled with an incompatible version of Kotlin. The binary version of its metadata is 2.1.0, expected version is 1.9.0.
[Incubating] Problems report is available at: file:///Users/loitran/AndroidStudioProjects/@mckimquyen/@playstore/@prodution/@ad/1115cpu-info/build/reports/problems/problems-report.html

FAILURE: Build failed with an exception.

* What went wrong:
Execution failed for task ':app:compileDevDebugKotlin'.
> A failure occurred while executing org.jetbrains.kotlin.compilerRunner.GradleCompilerRunnerWithWorkers$GradleKotlinCompilerWorkAction
   > Compilation error. See log for more details

* Try:
> Run with --stacktrace option to get the stack trace.
> Run with --info or --debug option to get more log output.
> Run with --scan to get full insights.
> Get more help at https://help.gradle.org.

Deprecated Gradle features were used in this build, making it incompatible with Gradle 9.0.

You can use '--warning-mode all' to show the individual deprecation warnings and determine if they come from your own scripts or plugins.

For more on this, please refer to https://docs.gradle.org/8.11.1/userguide/command_line_interface.html#sec:command_line_warnings in the Gradle documentation.

BUILD FAILED in 4s
25 actionable tasks: 2 executed, 23 up-to-date
Configuration cache entry stored.
